Microchip MPLAB XC8 Compiler V2.20

Linker command line:

-W-3 --edf=C:\Program Files\Microchip\xc8\v2.20\pic\dat\en_msgs.txt -cn \
  -h+dist/default/production\Li-ion_Charger.X.production.sym \
  --cmf=dist/default/production\Li-ion_Charger.X.production.cmf -z -Q16F883 \
  -oC:\Users\thanh\AppData\Local\Temp\sjv0.2 --defsym=__MPLAB_BUILD=1 \
  -Mdist/default/production/Li-ion_Charger.X.production.map -E1 \
  -ver=XC8 Compiler --acfsm=1493 -ASTACK=0A0h-0EFh -pstack=STACK \
  -ACODE=00h-07FFhx2 -ASTRCODE=00h-0FFFh -ASTRING=00h-0FFhx16 \
  -ACONST=00h-0FFhx16 -AENTRY=00h-0FFhx16 -ACOMMON=070h-07Fh \
  -ABANK0=020h-06Fh -ABANK1=0A0h-0EFh -ABANK2=0120h-016Fh \
  -ARAM=020h-06Fh,0A0h-0EFh,0120h-016Fh \
  -AABS1=020h-07Fh,0A0h-0EFh,0120h-016Fh -ASFR0=00h-01Fh -ASFR1=080h-09Fh \
  -ASFR2=0100h-011Fh -ASFR3=0180h-01EFh -ACONFIG=02007h-02008h -DCONFIG=2 \
  -AIDLOC=02000h-02003h -DIDLOC=2 \
  -preset_vec=00h,intentry=04h,init,end_init -ppowerup=CODE -pcinit=CODE \
  -pfunctab=ENTRY -AEEDATA=00h-0FFh/02100h -peeprom_data=EEDATA -DEEDATA=2 \
  -DCODE=2 -DSTRCODE=2 -DSTRING=2 -DCONST=2 -DENTRY=2 -k \
  C:\Users\thanh\AppData\Local\Temp\sjv0.o \
  dist/default/production\Li-ion_Charger.X.production.o 

Object code version is 3.11

Machine type is 16F883



                Name                               Link     Load   Length Selector   Space Scale
C:\Users\thanh\AppData\Local\Temp\sjv0.o
                end_init                             11       11        2        8       0
                reset_vec                             0        0        2        0       0
                config                             2007     2007        2        0       4
dist/default/production\Li-ion_Charger.X.production.o
                cinit                                13       13       28        8       0
                intentry                              4        4        D        8       0
                config                             2007     2007        2        0       4
                text14                              ED3      ED3       90     1DA6       0
                text13                              D95      D95       34     1B2A       0
                text12                              DC9      DC9       3E     1B92       0
                text11                              F63      F63       9D     1EC6       0
                text10                              E6B      E6B       68     1CD6       0
                text9                               7A2      7A2       48        8       0
                text8                               292      292      21E        8       0
                text7                               4B0      4B0      10C        8       0
                text6                               6B9      6B9       E9        8       0
                text5                               D5E      D5E        4     1ABC       0
                text4                               D6E      D6E        9     1ADC       0
                text3                               7EA      7EA       13        8       0
                text2                                3B       3B      257        8       0
                text1                               5BC      5BC       FD        8       0
                maintext                            E07      E07       64     1C0E       0
                cstackBANK0                          20       20       2E       20       1
                cstackCOMMON                         70       70        7       70       1
                clrtext                             D66      D66        8     1ACC       0
                inittext                            D84      D84       11     1B08       0
                dataBANK0                            5E       5E        D       20       1
                bssBANK0                             4E       4E       10       20       1
                dataCOMMON                           77       77        4       70       1
                bssCOMMON                            7B       7B        3       70       1
                strings                             800      800       1E     1000       0
                idataBANK0                          D77      D77        D     1AEE       0
                idataCOMMON                         D62      D62        4     1AC4       0

TOTAL           Name                               Link     Load   Length     Space
        CLASS   STACK          

        CLASS   CODE           
                end_init                             11       11        2         0
                cinit                                13       13       28         0
                intentry                              4        4        D         0
                reset_vec                             0        0        2         0
                text14                              ED3      ED3       90         0
                text13                              D95      D95       34         0
                text12                              DC9      DC9       3E         0
                text11                              F63      F63       9D         0
                text10                              E6B      E6B       68         0
                text9                               7A2      7A2       48         0
                text8                               292      292      21E         0
                text7                               4B0      4B0      10C         0
                text6                               6B9      6B9       E9         0
                text5                               D5E      D5E        4         0
                text4                               D6E      D6E        9         0
                text3                               7EA      7EA       13         0
                text2                                3B       3B      257         0
                text1                               5BC      5BC       FD         0
                maintext                            E07      E07       64         0
                clrtext                             D66      D66        8         0
                inittext                            D84      D84       11         0
                idataBANK0                          D77      D77        D         0
                idataCOMMON                         D62      D62        4         0

        CLASS   STRCODE        

        CLASS   STRING         
                strings                             800      800       1E         0

        CLASS   CONST          

        CLASS   ENTRY          

        CLASS   COMMON         
                cstackCOMMON                         70       70        7         1
                dataCOMMON                           77       77        4         1
                bssCOMMON                            7B       7B        3         1

        CLASS   BANK0          
                cstackBANK0                          20       20       2E         1
                dataBANK0                            5E       5E        D         1
                bssBANK0                             4E       4E       10         1

        CLASS   BANK1          

        CLASS   BANK2          

        CLASS   RAM            

        CLASS   ABS1           
                abs_s1                               7E       7E        2         1

        CLASS   SFR0           

        CLASS   SFR1           

        CLASS   SFR2           

        CLASS   SFR3           

        CLASS   CONFIG         
                config                             2007     2007        2         4

        CLASS   IDLOC          

        CLASS   EEDATA         

        CLASS   BANK3          



SEGMENTS        Name                           Load    Length   Top    Selector   Space  Class     Delta

                reset_vec                      000000  000002  000002         0       0  CODE        2
                intentry                       000004  0007F9  0007FD         8       0  CODE        2
                cstackBANK0                    000020  00004B  00006B        20       1  BANK0       1
                cstackCOMMON                   000070  00000E  00007E        70       1  COMMON      1
                strings                        000800  00001E  00081E      1000       0  STRING      2
                text5                          000D5E  000004  000D62      1ABC       0  CODE        2
                idataCOMMON                    000D62  000004  000D66      1AC4       0  CODE        2
                clrtext                        000D66  000008  000D6E      1ACC       0  CODE        2
                text4                          000D6E  000009  000D77      1ADC       0  CODE        2
                idataBANK0                     000D77  00000D  000D84      1AEE       0  CODE        2
                inittext                       000D84  000011  000D95      1B08       0  CODE        2
                text13                         000D95  000034  000DC9      1B2A       0  CODE        2
                text12                         000DC9  00003E  000E07      1B92       0  CODE        2
                maintext                       000E07  000064  000E6B      1C0E       0  CODE        2
                text10                         000E6B  000068  000ED3      1CD6       0  CODE        2
                text14                         000ED3  000090  000F63      1DA6       0  CODE        2
                text11                         000F63  00009D  001000      1EC6       0  CODE        2


UNUSED ADDRESS RANGES

        Name                Unused          Largest block    Delta
        BANK0            006B-006F              5           1
        BANK1            00A0-00EF             50           1
        BANK2            0120-016F             50           1
        CODE             0002-0003              2           2
                         07FD-07FF              3
                         081E-0D5D            540
        CONST            0002-0003              2           2
                         07FD-07FF              3
                         081E-0D5D            100
        EEDATA           2100-21FF            100           2
        ENTRY            0002-0003              2           2
                         07FD-07FF              3
                         081E-0D5D            100
        IDLOC            2000-2003              4           2
        RAM              006B-006F              5           1
                         00A0-00EF             50
                         0120-016F             50
        SFR0             0000-001F             20           1
        SFR1             0080-009F             20           1
        SFR2             0100-011F             20           1
        SFR3             0180-01EF             70           1
        STACK            00A0-00EF             50           1
        STRCODE          0002-0003              2           2
                         07FD-07FF              3
                         081E-0D5D            540
        STRING           0002-0003              2           2
                         07FD-07FF              3
                         081E-0D5D            100

                                  Symbol Table

?___aldiv                            cstackBANK0  002D
?___lldiv                            cstackBANK0  002D
?___lmul                             cstackBANK0  0020
CurrentCharge_Function@A_To_V        cstackBANK0  003E
CurrentCharge_Function@C_Count       cstackBANK0  0043
CurrentCharge_Function@Current_Value cstackBANK0  0048
CurrentCharge_Function@Total_Count   cstackBANK0  0042
CurrentCharge_Function@Volt_Value    cstackBANK0  0046
CurrentCharge_Function@i             cstackBANK0  0044
CurrentCharge_Function@i_133         cstackBANK0  0045
Data2Array@d_Array                   cstackBANK0  0022
Data2Array@data                      cstackBANK0  0020
Display_Segment@Display_Array        cstackCOMMON 0072
Display_Segment@count                dataCOMMON   007A
FullCharge_Function@Total_Count      cstackBANK0  003E
FullCharge_Function@Volt_Value       cstackBANK0  0040
FullCharge_Function@i                cstackBANK0  003F
ISR@Display_Count                    bssCOMMON    007B
PWM_Init@F1231                       dataBANK0    0064
PWM_Init@F1233                       dataBANK0    0061
PWM_Init@Fclk                        cstackBANK0  0044
PWM_Init@PR2_Val                     cstackBANK0  0048
PWM_Init@PWMData                     cstackBANK0  004B
PWM_Init@index                       cstackBANK0  004A
PWM_Init@presc                       cstackBANK0  003E
PWM_Init@presc_val                   cstackBANK0  0041
PWM_SetFrequency@F1247               dataCOMMON   0077
PWM_SetFrequency@F1249               dataBANK0    005E
VoltCharge_Function@A_To_V           cstackBANK0  003E
VoltCharge_Function@C_Count          cstackBANK0  0043
VoltCharge_Function@Current_Value    cstackBANK0  0048
VoltCharge_Function@Total_Count      cstackBANK0  0042
VoltCharge_Function@Volt_Value       cstackBANK0  0046
VoltCharge_Function@i                cstackBANK0  0044
VoltCharge_Function@i_141            cstackBANK0  0045
WaitCharge_Function@Total_Count      cstackBANK0  003E
WaitCharge_Function@Volt_Value       cstackBANK0  0040
WaitCharge_Function@i                cstackBANK0  003F
_ADCON0                              (abs)        001F
_ADCON1                              (abs)        009F
_ADRESH                              (abs)        001E
_ADRESL                              (abs)        009E
_AD_Value                            bssBANK0     0052
_ANSEL                               (abs)        0188
_ANSELH                              (abs)        0189
_CCP1CON                             (abs)        0017
_CCP2CON                             (abs)        001D
_CCPR1L                              (abs)        0015
_CCPR2L                              (abs)        001B
_CurrentCharge_Function              text8        0292
_Data2Array                          text12       0DC9
_Display_Array                       dataBANK0    0067
_Display_Change                      bssBANK0     0056
_Display_Current                     bssBANK0     004E
_Display_Segment                     text14       0ED3
_Display_Volt                        bssBANK0     0050
_FullCharge_Function                 text7        04B0
_INTCON                              (abs)        000B
_ISR                                 text13       0D95
_OPTION_REG                          (abs)        0081
_PORTB                               (abs)        0006
_PORTC                               (abs)        0007
_PR2                                 (abs)        0092
_PWM_1                               bssBANK0     0059
_PWM_Init                            text6        06B9
_PWM_Start                           text5        0D5E
_PWM_Value                           bssBANK0     0054
_Segment_Tab                         strings      0806
_SolarFlag                           bssBANK0     0058
_State                               bssBANK0     0057
_T2CON                               (abs)        0012
_TIM0_Start                          text4        0D6E
_TIM0_init                           text3        07EA
_TMR0                                (abs)        0001
_TRISA                               (abs)        0085
_TRISB                               (abs)        0086
_TRISC                               (abs)        0087
_VoltCharge_Function                 text2        003B
_WaitCharge_Function                 text1        05BC
__Habs1                              abs1         0000
__Hbank0                             bank0        0000
__Hbank1                             bank1        0000
__Hbank2                             bank2        0000
__Hbank3                             bank3        0000
__HbssBANK0                          bssBANK0     0000
__HbssCOMMON                         bssCOMMON    0000
__Hcinit                             cinit        003B
__Hclrtext                           clrtext      0000
__Hcode                              code         0000
__Hcommon                            common       0000
__Hconfig                            config       2009
__HcstackBANK0                       cstackBANK0  0000
__HcstackCOMMON                      cstackCOMMON 0000
__HdataBANK0                         dataBANK0    0000
__HdataCOMMON                        dataCOMMON   0000
__Heeprom_data                       eeprom_data  0000
__Hend_init                          end_init     0013
__Hfunctab                           functab      0000
__HidataBANK0                        idataBANK0   0000
__HidataCOMMON                       idataCOMMON  0000
__Hinit                              init         0011
__Hinittext                          inittext     0000
__Hintentry                          intentry     0011
__Hmaintext                          maintext     0000
__Hpowerup                           powerup      0000
__Hram                               ram          0000
__Hreset_vec                         reset_vec    0002
__Hsfr0                              sfr0         0000
__Hsfr1                              sfr1         0000
__Hsfr2                              sfr2         0000
__Hsfr3                              sfr3         0000
__Hspace_0                           (abs)        1000
__Hspace_1                           (abs)        007E
__Hspace_2                           (abs)        0000
__Hspace_3                           (abs)        0000
__Hspace_4                           (abs)        4010
__Hstack                             stack        0000
__Hstrings                           strings      0000
__Htext                              text         0000
__Labs1                              abs1         0000
__Lbank0                             bank0        0000
__Lbank1                             bank1        0000
__Lbank2                             bank2        0000
__Lbank3                             bank3        0000
__LbssBANK0                          bssBANK0     0000
__LbssCOMMON                         bssCOMMON    0000
__Lcinit                             cinit        0013
__Lclrtext                           clrtext      0000
__Lcode                              code         0000
__Lcommon                            common       0000
__Lconfig                            config       0000
__LcstackBANK0                       cstackBANK0  0000
__LcstackCOMMON                      cstackCOMMON 0000
__LdataBANK0                         dataBANK0    0000
__LdataCOMMON                        dataCOMMON   0000
__Leeprom_data                       eeprom_data  0000
__Lend_init                          end_init     0011
__Lfunctab                           functab      0000
__LidataBANK0                        idataBANK0   0000
__LidataCOMMON                       idataCOMMON  0000
__Linit                              init         0011
__Linittext                          inittext     0000
__Lintentry                          intentry     0004
__Lmaintext                          maintext     0000
__Lpowerup                           powerup      0000
__Lram                               ram          0000
__Lreset_vec                         reset_vec    0000
__Lsfr0                              sfr0         0000
__Lsfr1                              sfr1         0000
__Lsfr2                              sfr2         0000
__Lsfr3                              sfr3         0000
__Lspace_0                           (abs)        0000
__Lspace_1                           (abs)        0000
__Lspace_2                           (abs)        0000
__Lspace_3                           (abs)        0000
__Lspace_4                           (abs)        0000
__Lstack                             stack        0000
__Lstrings                           strings      0000
__Ltext                              text         0000
__S0                                 (abs)        1000
__S1                                 (abs)        007E
__S2                                 (abs)        0000
__S3                                 (abs)        0000
___aldiv                             text11       0F63
___aldiv@counter                     cstackBANK0  0036
___aldiv@dividend                    cstackBANK0  0031
___aldiv@divisor                     cstackBANK0  002D
___aldiv@quotient                    cstackBANK0  0038
___aldiv@sign                        cstackBANK0  0037
___int_sp                            stack        0000
___latbits                           (abs)        0001
___lldiv                             text10       0E6B
___lldiv@counter                     cstackBANK0  003A
___lldiv@dividend                    cstackBANK0  0031
___lldiv@divisor                     cstackBANK0  002D
___lldiv@quotient                    cstackBANK0  0036
___lmul                              text9        07A2
___lmul@multiplicand                 cstackBANK0  0024
___lmul@multiplier                   cstackBANK0  0020
___lmul@product                      cstackBANK0  0029
___sp                                stack        0000
___stackhi                           (abs)        0000
___stacklo                           (abs)        0000
__end_of_CurrentCharge_Function      text8        04B0
__end_of_Data2Array                  text12       0E07
__end_of_Display_Segment             text14       0F63
__end_of_FullCharge_Function         text7        05BC
__end_of_ISR                         text13       0DC9
__end_of_PWM_Init                    text6        07A2
__end_of_PWM_Start                   text5        0D62
__end_of_Segment_Tab                 strings      081E
__end_of_TIM0_Start                  text4        0D77
__end_of_TIM0_init                   text3        07FD
__end_of_VoltCharge_Function         text2        0292
__end_of_WaitCharge_Function         text1        06B9
__end_of___aldiv                     text11       1000
__end_of___lldiv                     text10       0ED3
__end_of___lmul                      text9        07EA
__end_of__initialization             cinit        0038
__end_of__stringtab                  strings      0806
__end_of_main                        maintext     0E6B
__initialization                     cinit        0013
__pbssBANK0                          bssBANK0     004E
__pbssCOMMON                         bssCOMMON    007B
__pcstackBANK0                       cstackBANK0  0020
__pcstackCOMMON                      cstackCOMMON 0070
__pdataBANK0                         dataBANK0    005E
__pdataCOMMON                        dataCOMMON   0077
__pidataBANK0                        idataBANK0   0D77
__pidataCOMMON                       idataCOMMON  0D62
__pintentry                          intentry     0004
__pmaintext                          maintext     0E07
__pstrings                           strings      0800
__ptext1                             text1        05BC
__ptext10                            text10       0E6B
__ptext11                            text11       0F63
__ptext12                            text12       0DC9
__ptext13                            text13       0D95
__ptext14                            text14       0ED3
__ptext2                             text2        003B
__ptext3                             text3        07EA
__ptext4                             text4        0D6E
__ptext5                             text5        0D5E
__ptext6                             text6        06B9
__ptext7                             text7        04B0
__ptext8                             text8        0292
__ptext9                             text9        07A2
__size_of_CurrentCharge_Function     (abs)        0000
__size_of_Data2Array                 (abs)        0000
__size_of_Display_Segment            (abs)        0000
__size_of_FullCharge_Function        (abs)        0000
__size_of_ISR                        (abs)        0000
__size_of_PWM_Init                   (abs)        0000
__size_of_PWM_Start                  (abs)        0000
__size_of_TIM0_Start                 (abs)        0000
__size_of_TIM0_init                  (abs)        0000
__size_of_VoltCharge_Function        (abs)        0000
__size_of_WaitCharge_Function        (abs)        0000
__size_of___aldiv                    (abs)        0000
__size_of___lldiv                    (abs)        0000
__size_of___lmul                     (abs)        0000
__size_of_main                       (abs)        0000
__stringbase                         strings      0805
__stringtab                          strings      0800
_main                                maintext     0E07
btemp                                (abs)        007E
clear_ram0                           clrtext      0D66
end_of_initialization                cinit        0038
init_fetch0                          inittext     0D84
init_ram0                            inittext     0D88
interrupt_function                   intentry     0004
intlevel0                            functab      0000
intlevel1                            functab      0000
intlevel2                            functab      0000
intlevel3                            functab      0000
intlevel4                            functab      0000
intlevel5                            functab      0000
reset_vec                            reset_vec    0000
saved_w                              (abs)        007E
start                                init         0011
start_initialization                 cinit        0013
wtemp0                               (abs)        007E


FUNCTION INFORMATION:

 *************** function _main *****************
 Defined at:
		line 112 in file "Li_ion_main.c"
 Parameters:    Size  Location     Type
		None
 Auto vars:     Size  Location     Type
		None
 Return value:  Size  Location     Type
                  1    wreg      void 
 Registers used:
		wreg, fsr0l, fsr0h, status,2, status,0, btemp+1, pclath, cstack
 Tracked objects:
		On entry : 
		On exit  : 
		Unchanged: 
 Data sizes:     COMMON   BANK0   BANK1   BANK2
      Params:         0       0       0       0
      Locals:         0       0       0       0
      Temps:          0       2       0       0
      Totals:         0       2       0       0
Total ram usage:        2 bytes
 Hardware stack levels required when called:    5
 This function calls:
		_CurrentCharge_Function
		_FullCharge_Function
		_PWM_Init
		_PWM_Start
		_TIM0_Start
		_TIM0_init
		_VoltCharge_Function
		_WaitCharge_Function
 This function is called by:
		Startup code after reset
 This function uses a non-reentrant model


 *************** function _WaitCharge_Function *****************
 Defined at:
		line 161 in file "Li_ion_main.c"
 Parameters:    Size  Location     Type
		None
 Auto vars:     Size  Location     Type
  i               1   31[BANK0 ] unsigned char 
  Volt_Value      2   32[BANK0 ] unsigned int 
  Total_Count     1   30[BANK0 ] unsigned char 
 Return value:  Size  Location     Type
                  1    wreg      void 
 Registers used:
		wreg, fsr0l, fsr0h, status,2, status,0, btemp+1, pclath, cstack
 Tracked objects:
		On entry : 
		On exit  : 
		Unchanged: 
 Data sizes:     COMMON   BANK0   BANK1   BANK2
      Params:         0       0       0       0
      Locals:         0       4       0       0
      Temps:          0       2       0       0
      Totals:         0       6       0       0
Total ram usage:        6 bytes
 Hardware stack levels used:    1
 Hardware stack levels required when called:    4
 This function calls:
		_Data2Array
		___aldiv
		___lmul
 This function is called by:
		_main
 This function uses a non-reentrant model


 *************** function _VoltCharge_Function *****************
 Defined at:
		line 355 in file "Li_ion_main.c"
 Parameters:    Size  Location     Type
		None
 Auto vars:     Size  Location     Type
  i               1   37[BANK0 ] unsigned char 
  A_To_V          4   30[BANK0 ] unsigned long 
  i               1   36[BANK0 ] unsigned char 
  Current_Valu    2   40[BANK0 ] unsigned int 
  Volt_Value      2   38[BANK0 ] unsigned int 
  C_Count         1   35[BANK0 ] unsigned char 
  Total_Count     1   34[BANK0 ] unsigned char 
 Return value:  Size  Location     Type
                  1    wreg      void 
 Registers used:
		wreg, fsr0l, fsr0h, status,2, status,0, btemp+1, pclath, cstack
 Tracked objects:
		On entry : 
		On exit  : 
		Unchanged: 
 Data sizes:     COMMON   BANK0   BANK1   BANK2
      Params:         0       0       0       0
      Locals:         0      12       0       0
      Temps:          0       2       0       0
      Totals:         0      14       0       0
Total ram usage:       14 bytes
 Hardware stack levels used:    1
 Hardware stack levels required when called:    4
 This function calls:
		_Data2Array
		___aldiv
		___lldiv
		___lmul
 This function is called by:
		_main
 This function uses a non-reentrant model


 *************** function _TIM0_init *****************
 Defined at:
		line 4 in file "TMR0.c"
 Parameters:    Size  Location     Type
		None
 Auto vars:     Size  Location     Type
		None
 Return value:  Size  Location     Type
                  1    wreg      void 
 Registers used:
		wreg, status,2, status,0, btemp+1
 Tracked objects:
		On entry : 
		On exit  : 
		Unchanged: 
 Data sizes:     COMMON   BANK0   BANK1   BANK2
      Params:         0       0       0       0
      Locals:         0       0       0       0
      Temps:          0       0       0       0
      Totals:         0       0       0       0
Total ram usage:        0 bytes
 Hardware stack levels used:    1
 Hardware stack levels required when called:    3
 This function calls:
		Nothing
 This function is called by:
		_main
 This function uses a non-reentrant model


 *************** function _TIM0_Start *****************
 Defined at:
		line 15 in file "TMR0.c"
 Parameters:    Size  Location     Type
		None
 Auto vars:     Size  Location     Type
		None
 Return value:  Size  Location     Type
                  1    wreg      void 
 Registers used:
		wreg, status,2, status,0, btemp+1
 Tracked objects:
		On entry : 
		On exit  : 
		Unchanged: 
 Data sizes:     COMMON   BANK0   BANK1   BANK2
      Params:         0       0       0       0
      Locals:         0       0       0       0
      Temps:          0       0       0       0
      Totals:         0       0       0       0
Total ram usage:        0 bytes
 Hardware stack levels used:    1
 Hardware stack levels required when called:    3
 This function calls:
		Nothing
 This function is called by:
		_main
 This function uses a non-reentrant model


 *************** function _PWM_Start *****************
 Defined at:
		line 38 in file "PWM.c"
 Parameters:    Size  Location     Type
		None
 Auto vars:     Size  Location     Type
		None
 Return value:  Size  Location     Type
                  1    wreg      void 
 Registers used:
		None
 Tracked objects:
		On entry : 
		On exit  : 
		Unchanged: 
 Data sizes:     COMMON   BANK0   BANK1   BANK2
      Params:         0       0       0       0
      Locals:         0       0       0       0
      Temps:          0       0       0       0
      Totals:         0       0       0       0
Total ram usage:        0 bytes
 Hardware stack levels used:    1
 Hardware stack levels required when called:    3
 This function calls:
		Nothing
 This function is called by:
		_main
 This function uses a non-reentrant model


 *************** function _PWM_Init *****************
 Defined at:
		line 6 in file "PWM.c"
 Parameters:    Size  Location     Type
  PWMData         1    wreg     PTR struct .
		 -> PWM_1(5), 
 Auto vars:     Size  Location     Type
  PWMData         1   43[BANK0 ] PTR struct .
		 -> PWM_1(5), 
  Fclk            4   36[BANK0 ] unsigned long 
  presc_val       3   33[BANK0 ] unsigned char [3]
  presc           3   30[BANK0 ] unsigned char [3]
  PR2_Val         2   40[BANK0 ] unsigned int 
  index           1   42[BANK0 ] unsigned char 
 Return value:  Size  Location     Type
                  1    wreg      void 
 Registers used:
		wreg, fsr0l, fsr0h, status,2, status,0, btemp+1, pclath, cstack
 Tracked objects:
		On entry : 
		On exit  : 
		Unchanged: 
 Data sizes:     COMMON   BANK0   BANK1   BANK2
      Params:         0       0       0       0
      Locals:         0      14       0       0
      Temps:          0       2       0       0
      Totals:         0      16       0       0
Total ram usage:       16 bytes
 Hardware stack levels used:    1
 Hardware stack levels required when called:    4
 This function calls:
		___aldiv
		___lldiv
		___lmul
 This function is called by:
		_main
 This function uses a non-reentrant model


 *************** function _FullCharge_Function *****************
 Defined at:
		line 490 in file "Li_ion_main.c"
 Parameters:    Size  Location     Type
		None
 Auto vars:     Size  Location     Type
  i               1   31[BANK0 ] unsigned char 
  Volt_Value      2   32[BANK0 ] unsigned int 
  Total_Count     1   30[BANK0 ] unsigned char 
 Return value:  Size  Location     Type
                  1    wreg      void 
 Registers used:
		wreg, fsr0l, fsr0h, status,2, status,0, btemp+1, pclath, cstack
 Tracked objects:
		On entry : 
		On exit  : 
		Unchanged: 
 Data sizes:     COMMON   BANK0   BANK1   BANK2
      Params:         0       0       0       0
      Locals:         0       4       0       0
      Temps:          0       2       0       0
      Totals:         0       6       0       0
Total ram usage:        6 bytes
 Hardware stack levels used:    1
 Hardware stack levels required when called:    4
 This function calls:
		_Data2Array
		___aldiv
		___lmul
 This function is called by:
		_main
 This function uses a non-reentrant model


 *************** function _CurrentCharge_Function *****************
 Defined at:
		line 227 in file "Li_ion_main.c"
 Parameters:    Size  Location     Type
		None
 Auto vars:     Size  Location     Type
  i               1   37[BANK0 ] unsigned char 
  A_To_V          4   30[BANK0 ] unsigned long 
  i               1   36[BANK0 ] unsigned char 
  Current_Valu    2   40[BANK0 ] unsigned int 
  Volt_Value      2   38[BANK0 ] unsigned int 
  C_Count         1   35[BANK0 ] unsigned char 
  Total_Count     1   34[BANK0 ] unsigned char 
 Return value:  Size  Location     Type
                  1    wreg      void 
 Registers used:
		wreg, fsr0l, fsr0h, status,2, status,0, btemp+1, pclath, cstack
 Tracked objects:
		On entry : 
		On exit  : 
		Unchanged: 
 Data sizes:     COMMON   BANK0   BANK1   BANK2
      Params:         0       0       0       0
      Locals:         0      12       0       0
      Temps:          0       2       0       0
      Totals:         0      14       0       0
Total ram usage:       14 bytes
 Hardware stack levels used:    1
 Hardware stack levels required when called:    4
 This function calls:
		_Data2Array
		___aldiv
		___lldiv
		___lmul
 This function is called by:
		_main
 This function uses a non-reentrant model


 *************** function ___lmul *****************
 Defined at:
		line 15 in file "C:\Program Files\Microchip\xc8\v2.20\pic\sources\c90\common\Umul32.c"
 Parameters:    Size  Location     Type
  multiplier      4    0[BANK0 ] unsigned long 
  multiplicand    4    4[BANK0 ] unsigned long 
 Auto vars:     Size  Location     Type
  product         4    9[BANK0 ] unsigned long 
 Return value:  Size  Location     Type
                  4    0[BANK0 ] unsigned long 
 Registers used:
		wreg, status,2, status,0
 Tracked objects:
		On entry : 
		On exit  : 
		Unchanged: 
 Data sizes:     COMMON   BANK0   BANK1   BANK2
      Params:         0       8       0       0
      Locals:         0       4       0       0
      Temps:          0       1       0       0
      Totals:         0      13       0       0
Total ram usage:       13 bytes
 Hardware stack levels used:    1
 Hardware stack levels required when called:    3
 This function calls:
		Nothing
 This function is called by:
		_WaitCharge_Function
		_CurrentCharge_Function
		_VoltCharge_Function
		_FullCharge_Function
		_PWM_Init
		_PWM_SetFrequency
 This function uses a non-reentrant model


 *************** function ___lldiv *****************
 Defined at:
		line 5 in file "C:\Program Files\Microchip\xc8\v2.20\pic\sources\c90\common\__lldiv.c"
 Parameters:    Size  Location     Type
  divisor         4   13[BANK0 ] unsigned long 
  dividend        4   17[BANK0 ] unsigned long 
 Auto vars:     Size  Location     Type
  quotient        4   22[BANK0 ] unsigned long 
  counter         1   26[BANK0 ] unsigned char 
 Return value:  Size  Location     Type
                  4   13[BANK0 ] unsigned long 
 Registers used:
		wreg, status,2, status,0, btemp+1
 Tracked objects:
		On entry : 
		On exit  : 
		Unchanged: 
 Data sizes:     COMMON   BANK0   BANK1   BANK2
      Params:         0       8       0       0
      Locals:         0       5       0       0
      Temps:          0       1       0       0
      Totals:         0      14       0       0
Total ram usage:       14 bytes
 Hardware stack levels used:    1
 Hardware stack levels required when called:    3
 This function calls:
		Nothing
 This function is called by:
		_CurrentCharge_Function
		_VoltCharge_Function
		_PWM_Init
		_PWM_SetFrequency
 This function uses a non-reentrant model


 *************** function ___aldiv *****************
 Defined at:
		line 5 in file "C:\Program Files\Microchip\xc8\v2.20\pic\sources\c90\common\aldiv.c"
 Parameters:    Size  Location     Type
  divisor         4   13[BANK0 ] long 
  dividend        4   17[BANK0 ] long 
 Auto vars:     Size  Location     Type
  quotient        4   24[BANK0 ] long 
  sign            1   23[BANK0 ] unsigned char 
  counter         1   22[BANK0 ] unsigned char 
 Return value:  Size  Location     Type
                  4   13[BANK0 ] long 
 Registers used:
		wreg, status,2, status,0, btemp+1
 Tracked objects:
		On entry : 
		On exit  : 
		Unchanged: 
 Data sizes:     COMMON   BANK0   BANK1   BANK2
      Params:         0       8       0       0
      Locals:         0       6       0       0
      Temps:          0       1       0       0
      Totals:         0      15       0       0
Total ram usage:       15 bytes
 Hardware stack levels used:    1
 Hardware stack levels required when called:    3
 This function calls:
		Nothing
 This function is called by:
		_WaitCharge_Function
		_CurrentCharge_Function
		_VoltCharge_Function
		_FullCharge_Function
		_PWM_Init
		_PWM_SetFrequency
 This function uses a non-reentrant model


 *************** function _Data2Array *****************
 Defined at:
		line 630 in file "Li_ion_main.c"
 Parameters:    Size  Location     Type
  d_Array         1    wreg     PTR unsigned char 
		 -> Display_Array(4), 
  data            2    0[BANK0 ] unsigned int 
 Auto vars:     Size  Location     Type
  d_Array         1    2[BANK0 ] PTR unsigned char 
		 -> Display_Array(4), 
 Return value:  Size  Location     Type
                  1    wreg      void 
 Registers used:
		wreg, fsr0l, fsr0h, status,2, status,0, btemp+1
 Tracked objects:
		On entry : 
		On exit  : 
		Unchanged: 
 Data sizes:     COMMON   BANK0   BANK1   BANK2
      Params:         0       2       0       0
      Locals:         0       1       0       0
      Temps:          0       0       0       0
      Totals:         0       3       0       0
Total ram usage:        3 bytes
 Hardware stack levels used:    1
 Hardware stack levels required when called:    3
 This function calls:
		Nothing
 This function is called by:
		_WaitCharge_Function
		_CurrentCharge_Function
		_VoltCharge_Function
		_FullCharge_Function
 This function uses a non-reentrant model


 *************** function _ISR *****************
 Defined at:
		line 560 in file "Li_ion_main.c"
 Parameters:    Size  Location     Type
		None
 Auto vars:     Size  Location     Type
		None
 Return value:  Size  Location     Type
                  1    wreg      void 
 Registers used:
		wreg, fsr0l, fsr0h, status,2, status,0, btemp+1, pclath, cstack
 Tracked objects:
		On entry : 
		On exit  : 
		Unchanged: 
 Data sizes:     COMMON   BANK0   BANK1   BANK2
      Params:         0       0       0       0
      Locals:         0       0       0       0
      Temps:          4       0       0       0
      Totals:         4       0       0       0
Total ram usage:        4 bytes
 Hardware stack levels used:    1
 Hardware stack levels required when called:    2
 This function calls:
		_Display_Segment
 This function is called by:
		Interrupt level 1
 This function uses a non-reentrant model


 *************** function _Display_Segment *****************
 Defined at:
		line 577 in file "Li_ion_main.c"
 Parameters:    Size  Location     Type
  Display_Arra    1    wreg     PTR unsigned char 
		 -> Display_Array(4), 
 Auto vars:     Size  Location     Type
  Display_Arra    1    2[COMMON] PTR unsigned char 
		 -> Display_Array(4), 
 Return value:  Size  Location     Type
                  1    wreg      void 
 Registers used:
		wreg, fsr0l, fsr0h, status,2, status,0, btemp+1, pclath
 Tracked objects:
		On entry : 
		On exit  : 
		Unchanged: 
 Data sizes:     COMMON   BANK0   BANK1   BANK2
      Params:         0       0       0       0
      Locals:         1       0       0       0
      Temps:          2       0       0       0
      Totals:         3       0       0       0
Total ram usage:        3 bytes
 Hardware stack levels used:    2
 This function calls:
		Nothing
 This function is called by:
		_ISR
 This function uses a non-reentrant model



MODULE INFORMATION

Module		Function		Class		Link	Load	Size
C:\Program Files\Microchip\xc8\v2.20\pic\sources\c90\common\Umul32.c
		___lmul        		CODE           	07A2	0000	73

C:\Program Files\Microchip\xc8\v2.20\pic\sources\c90\common\Umul32.c estimated size: 73

C:\Program Files\Microchip\xc8\v2.20\pic\sources\c90\common\aldiv.c
		___aldiv       		CODE           	0F63	0000	158

C:\Program Files\Microchip\xc8\v2.20\pic\sources\c90\common\aldiv.c estimated size: 158

C:\Program Files\Microchip\xc8\v2.20\pic\sources\c90\common\__lldiv.c
		___lldiv       		CODE           	0E6B	0000	105

C:\Program Files\Microchip\xc8\v2.20\pic\sources\c90\common\__lldiv.c estimated size: 105

Li_ion_main.c
		_WaitCharge_Function		CODE           	05BC	0000	254
		_ISR           		CODE           	0D95	0000	53
		_main          		CODE           	0E07	0000	101
		_CurrentCharge_Function		CODE           	0292	0000	543
		_Display_Segment		CODE           	0ED3	0000	145
		_VoltCharge_Function		CODE           	003B	0000	600
		_Data2Array    		CODE           	0DC9	0000	63
		_FullCharge_Function		CODE           	04B0	0000	269

Li_ion_main.c estimated size: 2028

PWM.c
		_PWM_Start     		CODE           	0D5E	0000	5
		_PWM_Init      		CODE           	06B9	0000	234

PWM.c estimated size: 239

TMR0.c
		_TIM0_init     		CODE           	07EA	0000	20
		_TIM0_Start    		CODE           	0D6E	0000	10

TMR0.c estimated size: 30

shared
		__stringtab    		STRING         	0800	0000	7
		__initialization		CODE           	0013	0000	38
		_Segment_Tab   		STRING         	0806	0000	25

shared estimated size: 70

